[themesflat.co/html/healingy/index.html]
[backblue.gif]
[fade.gif]
[index.html]
[sibforms.com/forms/end-form/build/sib-styles.css]
[themesflat.co/html/healingy/images/logo/favicon.png]
[themesflat.co/html/healingy/images/logo/logo.png]
[themesflat.co/html/healingy/home-02.html]
[themesflat.co/html/healingy/home-03.html]
[themesflat.co/html/healingy/home-04.html]
[themesflat.co/html/healingy/home-silde-text-scroll.html]
[themesflat.co/html/healingy/our-service.html]
[themesflat.co/html/healingy/service-details.html]
[themesflat.co/html/healingy/images/blog/blog-details-list-1.jpg]
[themesflat.co/html/healingy/blog-details.html]
[themesflat.co/html/healingy/images/blog/blog-details-list-2.jpg]
[themesflat.co/html/healingy/images/blog/blog-details-list-4.jpg]
[themesflat.co/html/healingy/about.html]
[themesflat.co/html/healingy/our-therapists.html]
[themesflat.co/html/healingy/book-appointment.html]
[themesflat.co/html/healingy/our-product.html]
[themesflat.co/html/healingy/shop-cart.html]
[themesflat.co/html/healingy/shop-check-out.html]
[themesflat.co/html/healingy/product-details.html]
[themesflat.co/html/healingy/blog-grid.html]
[themesflat.co/html/healingy/blog-details-2.html]
[themesflat.co/html/healingy/contact-us.html]
[themesflat.co/html/healingy/video/video-page-title.mp4]
[themesflat.co/html/healingy/images/section/section-about-1.jpg]
[themesflat.co/html/healingy/images/section/section-benefit.jpg]
[themesflat.co/html/healingy/images/section/service-item-1.jpg]
[themesflat.co/html/healingy/images/section/testimonials-1.jpg]
[themesflat.co/html/healingy/therapists-details.html]
[themesflat.co/html/healingy/images/section/resources-1-1.jpg]
[themesflat.co/html/healingy/images/section/resources-1-2.jpg]
[themesflat.co/html/healingy/images/section/resources-1-3.jpg]
[themesflat.co/html/healingy/images/section/resources-1-4.jpg]
[themesflat.co/html/healingy/images/logo/footer-logo.png]
[themesflat.co/html/healingy/images/logo/logo@2x.png]
[themesflat.co/html/healingy/js/bootstrap.min.js]
[themesflat.co/html/healingy/js/jquery.min.js]
[themesflat.co/html/healingy/js/lazysize.min.js]
[themesflat.co/html/healingy/js/odometer.min.js]
[themesflat.co/html/healingy/js/counter.js]
[themesflat.co/html/healingy/js/swiper-bundle.min.js]
[themesflat.co/html/healingy/js/swiper.js]
[themesflat.co/html/healingy/js/wow.min.js]
[themesflat.co/html/healingy/js/jquery-validate.js]
[themesflat.co/html/healingy/js/main.js]
[themesflat.co/html/healingy/js/sib-form.js]
[themesflat.co/html/healingy/index.html]
[themesflat.co/html/healingy/css/bootstrap.css]
[themesflat.co/html/healingy/css/animate.min.css]
[themesflat.co/html/healingy/css/odometer.min.css]
[themesflat.co/html/healingy/css/swiper-bundle.min.css]
[static.brevo.com/images/flags.webp]
[sibforms.com/forms/end-form/build/sib-styles.css]
[themesflat.co/html/healingy/css/styles.css]
[themesflat.co/html/healingy/icons/icomoon/fonts/icomoonc2aa.eot]
[themesflat.co/html/healingy/icons/icomoon/fonts/icomoonc2aa.ttf]
[themesflat.co/html/healingy/icons/icomoon/fonts/icomoonc2aa.woff]
[themesflat.co/html/healingy/icons/icomoon/style.css]
[themesflat.co/html/healingy/images/page-title/page-title-home-2.jpg]
[themesflat.co/html/healingy/images/section/section-about.jpg]
[themesflat.co/html/healingy/images/item/favicon.png]
[themesflat.co/html/healingy/images/section/section-service.jpg]
[themesflat.co/html/healingy/images/section/testimonials-2.jpg]
[themesflat.co/html/healingy/images/section/resources-2-1.jpg]
[themesflat.co/html/healingy/images/section/resources-2-2.jpg]
[themesflat.co/html/healingy/images/section/resources-2-3.jpg]
[themesflat.co/html/healingy/js/textanimation.js]
[themesflat.co/html/healingy/home-02.html]
[themesflat.co/html/healingy/images/logo/logo-white.png]
[themesflat.co/html/healingy/images/page-title/page-title-home-3.1.jpg]
[themesflat.co/html/healingy/images/page-title/page-title-home-3.2.jpg]
[themesflat.co/html/healingy/images/page-title/page-title-home-3.3.jpg]
[themesflat.co/html/healingy/images/section/service-item-2.jpg]
[themesflat.co/html/healingy/images/section/service-item-3.jpg]
[themesflat.co/html/healingy/images/section/service-item-4.jpg]
[themesflat.co/html/healingy/images/section/service-item-5.jpg]
[themesflat.co/html/healingy/images/section/service-item-6.jpg]
[themesflat.co/html/healingy/images/blog/blog-1.jpg]
[themesflat.co/html/healingy/images/blog/blog-3.jpg]
[themesflat.co/html/healingy/images/blog/blog-4.jpg]
[themesflat.co/html/healingy/home-03.html]
[themesflat.co/html/healingy/images/page-title/page-title-home-4.1.jpg]
[themesflat.co/html/healingy/images/page-title/page-title-home-4.2.jpg]
[themesflat.co/html/healingy/images/page-title/page-title-home-4.3.jpg]
[themesflat.co/html/healingy/images/section/section-about-2.jpg]
[themesflat.co/html/healingy/images/section/team-item-1.jpg]
[themesflat.co/html/healingy/images/section/team-item-2.jpg]
[themesflat.co/html/healingy/images/section/team-item-3.jpg]
[themesflat.co/html/healingy/images/section/team-item-4.jpg]
[themesflat.co/html/healingy/images/item/pricing-item.png]
[themesflat.co/html/healingy/images/section/section-news-1.jpg]
[themesflat.co/html/healingy/images/blog/blog-details-list-3.jpg]
[themesflat.co/html/healingy/images/section/section-cta.png]
[themesflat.co/html/healingy/home-04.html]
[themesflat.co/html/healingy/home-silde-text-scroll.html]
[themesflat.co/html/healingy/images/section/section-hero.jpg]
[themesflat.co/html/healingy/our-service.html]
[themesflat.co/html/healingy/images/section/section-service-details.jpg]
[themesflat.co/html/healingy/service-details.html]
[themesflat.co/html/healingy/images/blog/blog-details-1.jpg]
[themesflat.co/html/healingy/images/blog/blog-details-3.jpg]
[themesflat.co/html/healingy/images/blog/blog-details-2.jpg]
[themesflat.co/html/healingy/images/avatar/avatar-1.jpg]
[themesflat.co/html/healingy/images/avatar/avatar-2.jpg]
[themesflat.co/html/healingy/images/avatar/avatar-3.jpg]
[themesflat.co/html/healingy/images/blog/blog-8.jpg]
[themesflat.co/html/healingy/blog-details.html]
[themesflat.co/html/healingy/images/section/section-about-3.jpg]
[themesflat.co/html/healingy/about.html]
[themesflat.co/html/healingy/images/section/section-hero-2.jpg]
[themesflat.co/html/healingy/images/section/team-item-5.jpg]
[themesflat.co/html/healingy/images/section/team-item-6.jpg]
[themesflat.co/html/healingy/images/section/team-item-7.jpg]
[themesflat.co/html/healingy/images/section/team-item-8.jpg]
[themesflat.co/html/healingy/our-therapists.html]
[themesflat.co/html/healingy/images/section/section-book-appointment.jpg]
[themesflat.co/html/healingy/js/jquery.nice-select.min.js]
[themesflat.co/html/healingy/book-appointment.html]
[themesflat.co/html/healingy/images/section/product-item-1.jpg]
[themesflat.co/html/healingy/images/section/product-item-2.jpg]
[themesflat.co/html/healingy/images/section/product-item-3.jpg]
[themesflat.co/html/healingy/images/section/product-item-4.jpg]
[themesflat.co/html/healingy/images/section/product-item-5.jpg]
[themesflat.co/html/healingy/images/section/product-item-6.jpg]
[themesflat.co/html/healingy/images/section/product-item-7.jpg]
[themesflat.co/html/healingy/images/section/product-item-8.jpg]
[themesflat.co/html/healingy/images/section/product-item-9.jpg]
[themesflat.co/html/healingy/images/section/product-item-10.jpg]
[themesflat.co/html/healingy/images/section/product-item-11.jpg]
[themesflat.co/html/healingy/images/section/product-item-12.jpg]
[themesflat.co/html/healingy/our-product.html]
[themesflat.co/html/healingy/images/item/fire.png]
[themesflat.co/html/healingy/images/section/shop-cart-item-2.jpg]
[themesflat.co/html/healingy/images/section/shop-cart-item-1.jpg]
[themesflat.co/html/healingy/images/section/shop-cart-item-3.jpg]
[themesflat.co/html/healingy/images/item/payment-group.jpg]
[themesflat.co/html/healingy/js/count-down.js]
[themesflat.co/html/healingy/shop-cart.html]
[themesflat.co/html/healingy/images/item/payment-1.png]
[themesflat.co/html/healingy/images/item/payment-2.png]
[themesflat.co/html/healingy/images/item/payment-3.png]
[themesflat.co/html/healingy/images/item/payment-4.png]
[themesflat.co/html/healingy/images/item/payment-5.png]
[themesflat.co/html/healingy/images/item/payment-6.png]
[themesflat.co/html/healingy/shop-check-out.html]
[themesflat.co/html/healingy/images/section/product-details.jpg]
[themesflat.co/html/healingy/js/drift.min.js]
[themesflat.co/html/healingy/js/zoom.js]
[themesflat.co/html/healingy/product-details.html]
[themesflat.co/html/healingy/images/blog/blog-2.jpg]
[themesflat.co/html/healingy/images/blog/blog-5.jpg]
[themesflat.co/html/healingy/images/blog/blog-6.jpg]
[themesflat.co/html/healingy/images/blog/blog-7.jpg]
[themesflat.co/html/healingy/blog-grid.html]
[themesflat.co/html/healingy/images/page-title/page-title-blog-details.jpg]
[themesflat.co/html/healingy/blog-details-2.html]
[themesflat.co/html/healingy/js/map.min.js]
[themesflat.co/html/healingy/js/map.js]
[themesflat.co/html/healingy/contact-us.html]
[themesflat.co/html/healingy/images/section/therapists-details.jpg]
[themesflat.co/html/healingy/therapists-details.html]
[themesflat.co/html/healingy/shop.html]
[themesflat.co/html/healingy/icons/cursor-close.html]
[themesflat.co/html/healingy/icons/icomoon/fonts/icomoonc2aa.svg]
[themesflat.co/html/healingy/css/animate.css]
[themesflat.co/html/healingy/css/map.min.css]
[themesflat.co/html/healingy/css/photoswipe.css]
